2025-05-13 18:25:21,426 INFO: Emergency service startup [in C:\Users\HP\OneDrive\Desktop\women-safety\apps\gogo-backend\app\__init__.py:30]
2025-05-13 18:25:21,465 INFO: Database initialized [in C:\Users\HP\OneDrive\Desktop\women-safety\apps\gogo-backend\app\__init__.py:89]
2025-05-13 18:25:43,864 INFO: Emergency service startup [in C:\Users\HP\OneDrive\Desktop\women-safety\apps\gogo-backend\app\__init__.py:30]
2025-05-13 18:25:43,885 INFO: Database initialized [in C:\Users\HP\OneDrive\Desktop\women-safety\apps\gogo-backend\app\__init__.py:89]
2025-05-13 18:25:47,206 INFO: Emergency service startup [in C:\Users\HP\OneDrive\Desktop\women-safety\apps\gogo-backend\app\__init__.py:30]
2025-05-13 18:25:47,226 INFO: Database initialized [in C:\Users\HP\OneDrive\Desktop\women-safety\apps\gogo-backend\app\__init__.py:89]
2025-05-13 18:28:25,637 INFO: Emergency service startup [in C:\Users\HP\OneDrive\Desktop\women-safety\apps\gogo-backend\app\__init__.py:30]
2025-05-13 18:28:25,668 INFO: Database initialized [in C:\Users\HP\OneDrive\Desktop\women-safety\apps\gogo-backend\app\__init__.py:89]
2025-05-13 18:28:27,933 INFO: Emergency service startup [in C:\Users\HP\OneDrive\Desktop\women-safety\apps\gogo-backend\app\__init__.py:30]
2025-05-13 18:28:27,953 INFO: Database initialized [in C:\Users\HP\OneDrive\Desktop\women-safety\apps\gogo-backend\app\__init__.py:89]
2025-05-15 18:56:05,977 INFO: Emergency service startup [in C:\Users\Suraj\Desktop\nirbhay-astra\apps\gogo-backend\app\__init__.py:30]
2025-05-15 18:56:06,035 INFO: Database initialized [in C:\Users\Suraj\Desktop\nirbhay-astra\apps\gogo-backend\app\__init__.py:89]
2025-05-15 18:56:15,512 INFO: Emergency service startup [in C:\Users\Suraj\Desktop\nirbhay-astra\apps\gogo-backend\app\__init__.py:30]
2025-05-15 18:56:15,556 INFO: Database initialized [in C:\Users\Suraj\Desktop\nirbhay-astra\apps\gogo-backend\app\__init__.py:89]
2025-05-15 18:57:30,803 INFO: Emergency service startup [in C:\Users\Suraj\Desktop\nirbhay-astra\apps\gogo-backend\app\__init__.py:30]
2025-05-15 18:57:31,020 INFO: Database initialized [in C:\Users\Suraj\Desktop\nirbhay-astra\apps\gogo-backend\app\__init__.py:89]
2025-05-15 18:57:53,331 INFO: Emergency service startup [in C:\Users\Suraj\Desktop\nirbhay-astra\apps\gogo-backend\app\__init__.py:30]
2025-05-15 18:57:53,664 INFO: Database initialized [in C:\Users\Suraj\Desktop\nirbhay-astra\apps\gogo-backend\app\__init__.py:89]
2025-05-17 12:14:31,729 INFO: Emergency service startup [in G:\DATA\Documents\WEB DEVELOPMENT\Major-Projects\nirbhay-astra\apps\gogo-backend\app\__init__.py:30]
2025-05-17 12:14:31,764 INFO: Database initialized [in G:\DATA\Documents\WEB DEVELOPMENT\Major-Projects\nirbhay-astra\apps\gogo-backend\app\__init__.py:89]
2025-05-17 12:14:36,199 INFO: Emergency service startup [in G:\DATA\Documents\WEB DEVELOPMENT\Major-Projects\nirbhay-astra\apps\gogo-backend\app\__init__.py:30]
2025-05-17 12:14:36,221 INFO: Database initialized [in G:\DATA\Documents\WEB DEVELOPMENT\Major-Projects\nirbhay-astra\apps\gogo-backend\app\__init__.py:89]
2025-05-17 12:50:35,302 INFO: Emergency service startup [in G:\DATA\Documents\WEB DEVELOPMENT\Major-Projects\nirbhay-astra\apps\gogo-backend\app\__init__.py:30]
2025-05-17 12:50:35,360 INFO: Database initialized [in G:\DATA\Documents\WEB DEVELOPMENT\Major-Projects\nirbhay-astra\apps\gogo-backend\app\__init__.py:89]
2025-05-17 12:51:06,907 INFO: Emergency service startup [in G:\DATA\Documents\WEB DEVELOPMENT\Major-Projects\nirbhay-astra\apps\gogo-backend\app\__init__.py:30]
2025-05-17 12:51:06,926 INFO: Database initialized [in G:\DATA\Documents\WEB DEVELOPMENT\Major-Projects\nirbhay-astra\apps\gogo-backend\app\__init__.py:89]
2025-05-17 12:58:37,750 INFO: Emergency service startup [in G:\DATA\Documents\WEB DEVELOPMENT\Major-Projects\nirbhay-astra\apps\gogo-backend\app\__init__.py:30]
2025-05-17 12:58:37,773 INFO: Database initialized [in G:\DATA\Documents\WEB DEVELOPMENT\Major-Projects\nirbhay-astra\apps\gogo-backend\app\__init__.py:89]
2025-05-17 12:58:40,445 INFO: Emergency service startup [in G:\DATA\Documents\WEB DEVELOPMENT\Major-Projects\nirbhay-astra\apps\gogo-backend\app\__init__.py:30]
2025-05-17 12:58:40,498 INFO: Database initialized [in G:\DATA\Documents\WEB DEVELOPMENT\Major-Projects\nirbhay-astra\apps\gogo-backend\app\__init__.py:89]
